// Jest Snapshot v1, https://goo.gl/fbAQLP

exports[`NetworkCheck when the network does exist renders 1`] = `<Routes />`;

exports[`NetworkCheck when the network does not exist renders 1`] = `<ErrorForbiddenNetwork />`;
